// Jest Snapshot v1, https://goo.gl/fbAQLP

exports[`should create snapshot 1`] = `
<div>
  <input
    onChange={[Function]}
    placeholder="Enter yourr guess"
    type="text"
  />
  <br />
  <button
    onClick={[Function]}
  >
    Guess
  </button>
  <h1
    data-test="message"
  >
    
  </h1>
  <h1
    data-test="attempts"
  >
    Attempts: 
    0
  </h1>
</div>
`;
